2026-10-04 22:14:34,697 INFO [long-pulling] client count 0

2026-10-04 22:14:44,721 INFO [long-pulling] client count 0

2026-10-04 22:14:44,721 INFO toNotifyTaskSize = 0

2026-10-04 22:14:44,721 INFO toClientNotifyTaskSize = 0

2026-10-04 22:14:44,722 INFO groupCount = 2, subscriberClientCount = 0, subscriberCount = 0

2026-10-04 22:14:54,726 INFO toNotifyTaskSize = 0

2026-10-04 22:14:54,726 INFO groupCount = 2, subscriberClientCount = 0, subscriberCount = 0

2026-10-04 22:14:54,726 INFO [long-pulling] client count 0

2026-10-04 22:14:54,726 INFO toClientNotifyTaskSize = 0

2026-10-04 22:15:04,728 INFO [long-pulling] client count 0

2026-10-04 22:15:04,728 INFO groupCount = 2, subscriberClientCount = 0, subscriberCount = 0

2026-10-04 22:15:04,728 INFO toNotifyTaskSize = 0

2026-10-04 22:15:04,728 INFO toClientNotifyTaskSize = 0

2026-10-04 22:15:14,736 INFO [long-pulling] client count 0

2026-10-04 22:15:14,736 INFO toNotifyTaskSize = 0

2026-10-04 22:15:14,736 INFO toClientNotifyTaskSize = 0

2026-10-04 22:15:14,736 INFO groupCount = 2, subscriberClientCount = 0, subscriberCount = 0

2026-10-04 22:15:24,746 INFO [long-pulling] client count 0

2026-10-04 22:15:24,746 INFO toNotifyTaskSize = 0

2026-10-04 22:15:24,746 INFO groupCount = 2, subscriberClientCount = 0, subscriberCount = 0

2026-10-04 22:15:24,746 INFO toClientNotifyTaskSize = 0

2026-10-04 22:15:34,760 INFO groupCount = 2, subscriberClientCount = 0, subscriberCount = 0

2026-10-04 22:15:34,760 INFO toNotifyTaskSize = 0

2026-10-04 22:15:34,760 INFO [long-pulling] client count 0

2026-10-04 22:15:34,760 INFO toClientNotifyTaskSize = 0

2026-10-04 22:15:44,769 INFO groupCount = 2, subscriberClientCount = 0, subscriberCount = 0

2026-10-04 22:15:44,769 INFO toNotifyTaskSize = 0

2026-10-04 22:15:44,770 INFO toClientNotifyTaskSize = 0

2026-10-04 22:15:44,770 INFO [long-pulling] client count 0

2026-10-04 22:15:54,775 INFO groupCount = 2, subscriberClientCount = 0, subscriberCount = 0

2026-10-04 22:15:54,775 INFO [long-pulling] client count 0

2026-10-04 22:15:54,775 INFO toNotifyTaskSize = 0

2026-10-04 22:15:54,775 INFO toClientNotifyTaskSize = 0

2026-10-04 22:16:04,783 INFO [long-pulling] client count 0

2026-10-04 22:16:04,783 INFO toNotifyTaskSize = 0

2026-10-04 22:16:04,783 INFO groupCount = 2, subscriberClientCount = 0, subscriberCount = 0

2026-10-04 22:16:04,783 INFO toClientNotifyTaskSize = 0

2026-10-04 22:16:14,796 INFO toNotifyTaskSize = 0

2026-10-04 22:16:14,796 INFO toClientNotifyTaskSize = 0

2026-10-04 22:16:14,797 INFO groupCount = 2, subscriberClientCount = 0, subscriberCount = 0

2026-10-04 22:16:14,797 INFO [long-pulling] client count 0

2026-10-04 22:16:24,799 INFO toNotifyTaskSize = 0

2026-10-04 22:16:24,799 INFO groupCount = 2, subscriberClientCount = 0, subscriberCount = 0

2026-10-04 22:16:24,800 INFO toClientNotifyTaskSize = 0

2026-10-04 22:16:24,799 INFO [long-pulling] client count 0

2026-10-04 22:16:34,814 INFO toNotifyTaskSize = 0

2026-10-04 22:16:34,814 INFO groupCount = 2, subscriberClientCount = 0, subscriberCount = 0

2026-10-04 22:16:34,814 INFO [long-pulling] client count 0

2026-10-04 22:16:34,814 INFO toClientNotifyTaskSize = 0

2026-10-04 22:16:44,822 INFO [long-pulling] client count 0

2026-10-04 22:16:44,822 INFO groupCount = 2, subscriberClientCount = 0, subscriberCount = 0

2026-10-04 22:16:44,822 INFO toNotifyTaskSize = 0

2026-10-04 22:16:44,822 INFO toClientNotifyTaskSize = 0

2026-10-04 22:16:54,826 INFO groupCount = 2, subscriberClientCount = 0, subscriberCount = 0

2026-10-04 22:16:54,826 INFO toNotifyTaskSize = 0

2026-10-04 22:16:54,826 INFO toClientNotifyTaskSize = 0

2026-10-04 22:16:54,826 INFO [long-pulling] client count 0

2026-10-04 22:17:04,834 INFO [long-pulling] client count 0

2026-10-04 22:17:04,834 INFO groupCount = 2, subscriberClientCount = 0, subscriberCount = 0

2026-10-04 22:17:04,834 INFO toNotifyTaskSize = 0

2026-10-04 22:17:04,834 INFO toClientNotifyTaskSize = 0

2026-10-04 22:17:14,836 INFO toNotifyTaskSize = 0

2026-10-04 22:17:14,836 INFO [long-pulling] client count 0

2026-10-04 22:17:14,837 INFO toClientNotifyTaskSize = 0

2026-10-04 22:17:14,836 INFO groupCount = 2, subscriberClientCount = 0, subscriberCount = 0

2026-10-04 22:17:24,839 INFO toNotifyTaskSize = 0

2026-10-04 22:17:24,840 INFO toClientNotifyTaskSize = 0

2026-10-04 22:17:24,840 INFO groupCount = 2, subscriberClientCount = 0, subscriberCount = 0

2026-10-04 22:17:24,840 INFO [long-pulling] client count 0

2026-10-04 22:17:34,847 INFO groupCount = 2, subscriberClientCount = 0, subscriberCount = 0

2026-10-04 22:17:34,847 INFO toNotifyTaskSize = 0

2026-10-04 22:17:34,847 INFO [long-pulling] client count 0

2026-10-04 22:17:34,847 INFO toClientNotifyTaskSize = 0

2026-10-04 22:17:44,851 INFO [long-pulling] client count 0

2026-10-04 22:17:44,851 INFO groupCount = 2, subscriberClientCount = 0, subscriberCount = 0

2026-10-04 22:17:44,851 INFO toNotifyTaskSize = 0

2026-10-04 22:17:44,851 INFO toClientNotifyTaskSize = 0

2026-10-04 22:17:54,857 INFO groupCount = 2, subscriberClientCount = 0, subscriberCount = 0

2026-10-04 22:17:54,857 INFO toNotifyTaskSize = 0

2026-10-04 22:17:54,857 INFO toClientNotifyTaskSize = 0

2026-10-04 22:17:54,857 INFO [long-pulling] client count 0

2026-10-04 22:18:04,859 INFO groupCount = 2, subscriberClientCount = 0, subscriberCount = 0

2026-10-04 22:18:04,859 INFO toNotifyTaskSize = 0

2026-10-04 22:18:04,860 INFO toClientNotifyTaskSize = 0

2026-10-04 22:18:04,859 INFO [long-pulling] client count 0

2026-10-04 22:18:14,860 INFO [long-pulling] client count 0

2026-10-04 22:18:14,860 INFO toNotifyTaskSize = 0

2026-10-04 22:18:14,860 INFO groupCount = 2, subscriberClientCount = 0, subscriberCount = 0

2026-10-04 22:18:14,860 INFO toClientNotifyTaskSize = 0

2026-10-04 22:18:24,865 INFO toNotifyTaskSize = 0

2026-10-04 22:18:24,865 INFO toClientNotifyTaskSize = 0

2026-10-04 22:18:24,865 INFO groupCount = 2, subscriberClientCount = 0, subscriberCount = 0

2026-10-04 22:18:24,865 INFO [long-pulling] client count 0

2026-10-04 22:18:34,879 INFO [long-pulling] client count 0

2026-10-04 22:18:34,879 INFO toNotifyTaskSize = 0

2026-10-04 22:18:34,879 INFO groupCount = 2, subscriberClientCount = 0, subscriberCount = 0

2026-10-04 22:18:34,879 INFO toClientNotifyTaskSize = 0

2026-10-04 22:18:44,891 INFO groupCount = 2, subscriberClientCount = 0, subscriberCount = 0

2026-10-04 22:18:44,891 INFO toNotifyTaskSize = 0

2026-10-04 22:18:44,891 INFO [long-pulling] client count 0

2026-10-04 22:18:44,891 INFO toClientNotifyTaskSize = 0

2026-10-04 22:18:54,905 INFO groupCount = 2, subscriberClientCount = 0, subscriberCount = 0

2026-10-04 22:18:54,905 INFO [long-pulling] client count 0

2026-10-04 22:18:54,905 INFO toNotifyTaskSize = 0

2026-10-04 22:18:54,905 INFO toClientNotifyTaskSize = 0

2026-10-04 22:19:04,912 INFO groupCount = 2, subscriberClientCount = 0, subscriberCount = 0

2026-10-04 22:19:04,912 INFO toNotifyTaskSize = 0

2026-10-04 22:19:04,913 INFO toClientNotifyTaskSize = 0

2026-10-04 22:19:04,913 INFO [long-pulling] client count 0

2026-10-04 22:19:14,929 INFO groupCount = 2, subscriberClientCount = 0, subscriberCount = 0

2026-10-04 22:19:14,929 INFO toNotifyTaskSize = 0

2026-10-04 22:19:14,929 INFO [long-pulling] client count 0

2026-10-04 22:19:14,930 INFO toClientNotifyTaskSize = 0

2026-10-04 22:19:24,937 INFO groupCount = 2, subscriberClientCount = 0, subscriberCount = 0

2026-10-04 22:19:24,937 INFO toNotifyTaskSize = 0

2026-10-04 22:19:24,937 INFO [long-pulling] client count 0

2026-10-04 22:19:24,937 INFO toClientNotifyTaskSize = 0

2026-10-04 22:19:34,945 INFO [long-pulling] client count 0

2026-10-04 22:19:34,945 INFO groupCount = 2, subscriberClientCount = 0, subscriberCount = 0

2026-10-04 22:19:34,945 INFO toNotifyTaskSize = 0

2026-10-04 22:19:34,945 INFO toClientNotifyTaskSize = 0

2026-10-04 22:19:44,959 INFO toNotifyTaskSize = 0

2026-10-04 22:19:44,959 INFO groupCount = 2, subscriberClientCount = 0, subscriberCount = 0

2026-10-04 22:19:44,959 INFO [long-pulling] client count 0

2026-10-04 22:19:44,959 INFO toClientNotifyTaskSize = 0

2026-10-04 22:19:54,966 INFO groupCount = 2, subscriberClientCount = 0, subscriberCount = 0

2026-10-04 22:19:54,966 INFO [long-pulling] client count 0

2026-10-04 22:19:54,966 INFO toNotifyTaskSize = 0

2026-10-04 22:19:54,966 INFO toClientNotifyTaskSize = 0

2026-10-04 22:20:04,971 INFO groupCount = 2, subscriberClientCount = 0, subscriberCount = 0

2026-10-04 22:20:04,971 INFO toNotifyTaskSize = 0

2026-10-04 22:20:04,971 INFO toClientNotifyTaskSize = 0

2026-10-04 22:20:04,971 INFO [long-pulling] client count 0

2026-10-04 22:20:14,984 INFO [long-pulling] client count 0

2026-10-04 22:20:14,984 INFO toNotifyTaskSize = 0

2026-10-04 22:20:14,984 INFO groupCount = 2, subscriberClientCount = 0, subscriberCount = 0

2026-10-04 22:20:14,984 INFO toClientNotifyTaskSize = 0

2026-10-04 22:20:25,031 INFO toNotifyTaskSize = 0

2026-10-04 22:20:25,034 INFO toClientNotifyTaskSize = 0

2026-10-04 22:20:25,034 INFO groupCount = 2, subscriberClientCount = 0, subscriberCount = 0

2026-10-04 22:20:25,037 INFO [long-pulling] client count 0

2026-10-04 22:20:35,040 INFO toNotifyTaskSize = 0

2026-10-04 22:20:35,040 INFO groupCount = 2, subscriberClientCount = 0, subscriberCount = 0

2026-10-04 22:20:35,040 INFO [long-pulling] client count 0

2026-10-04 22:20:35,040 INFO toClientNotifyTaskSize = 0

2026-10-04 22:20:45,051 INFO toNotifyTaskSize = 0

2026-10-04 22:20:45,051 INFO [long-pulling] client count 0

2026-10-04 22:20:45,051 INFO groupCount = 2, subscriberClientCount = 0, subscriberCount = 0

2026-10-04 22:20:45,051 INFO toClientNotifyTaskSize = 0

2026-10-04 22:20:55,066 INFO toNotifyTaskSize = 0

2026-10-04 22:20:55,066 INFO [long-pulling] client count 0

2026-10-04 22:20:55,066 INFO groupCount = 2, subscriberClientCount = 0, subscriberCount = 0

2026-10-04 22:20:55,066 INFO toClientNotifyTaskSize = 0

2026-10-04 22:21:05,082 INFO groupCount = 2, subscriberClientCount = 0, subscriberCount = 0

2026-10-04 22:21:05,082 INFO toNotifyTaskSize = 0

2026-10-04 22:21:05,082 INFO [long-pulling] client count 0

2026-10-04 22:21:05,082 INFO toClientNotifyTaskSize = 0

2026-10-04 22:21:15,090 INFO [long-pulling] client count 0

2026-10-04 22:21:15,090 INFO toNotifyTaskSize = 0

2026-10-04 22:21:15,090 INFO groupCount = 2, subscriberClientCount = 0, subscriberCount = 0

2026-10-04 22:21:15,090 INFO toClientNotifyTaskSize = 0

2026-10-04 22:21:25,106 INFO [long-pulling] client count 0

2026-10-04 22:21:25,106 INFO toNotifyTaskSize = 0

2026-10-04 22:21:25,106 INFO groupCount = 2, subscriberClientCount = 0, subscriberCount = 0

2026-10-04 22:21:25,106 INFO toClientNotifyTaskSize = 0

2026-10-04 22:21:35,114 INFO [long-pulling] client count 0

2026-10-04 22:21:35,114 INFO groupCount = 2, subscriberClientCount = 0, subscriberCount = 0

2026-10-04 22:21:35,114 INFO toNotifyTaskSize = 0

2026-10-04 22:21:35,114 INFO toClientNotifyTaskSize = 0

2026-10-04 22:21:45,125 INFO [long-pulling] client count 0

2026-10-04 22:21:45,125 INFO toNotifyTaskSize = 0

2026-10-04 22:21:45,125 INFO groupCount = 2, subscriberClientCount = 0, subscriberCount = 0

2026-10-04 22:21:45,125 INFO toClientNotifyTaskSize = 0

2026-10-04 22:21:55,131 INFO groupCount = 2, subscriberClientCount = 0, subscriberCount = 0

2026-10-04 22:21:55,131 INFO [long-pulling] client count 0

2026-10-04 22:21:55,131 INFO toNotifyTaskSize = 0

2026-10-04 22:21:55,131 INFO toClientNotifyTaskSize = 0

2026-10-04 22:22:05,132 INFO [long-pulling] client count 0

2026-10-04 22:22:05,132 INFO toNotifyTaskSize = 0

2026-10-04 22:22:05,132 INFO groupCount = 2, subscriberClientCount = 0, subscriberCount = 0

2026-10-04 22:22:05,132 INFO toClientNotifyTaskSize = 0

2026-10-04 22:22:15,133 INFO toNotifyTaskSize = 0

2026-10-04 22:22:15,133 INFO groupCount = 2, subscriberClientCount = 0, subscriberCount = 0

2026-10-04 22:22:15,133 INFO [long-pulling] client count 0

2026-10-04 22:22:15,133 INFO toClientNotifyTaskSize = 0

2026-10-04 22:22:25,149 INFO [long-pulling] client count 0

2026-10-04 22:22:25,149 INFO groupCount = 2, subscriberClientCount = 0, subscriberCount = 0

2026-10-04 22:22:25,149 INFO toNotifyTaskSize = 0

2026-10-04 22:22:25,149 INFO toClientNotifyTaskSize = 0

2026-10-04 22:22:35,162 INFO toNotifyTaskSize = 0

2026-10-04 22:22:35,162 INFO [long-pulling] client count 0

2026-10-04 22:22:35,162 INFO toClientNotifyTaskSize = 0

2026-10-04 22:22:35,162 INFO groupCount = 2, subscriberClientCount = 0, subscriberCount = 0

2026-10-04 22:22:45,174 INFO groupCount = 2, subscriberClientCount = 0, subscriberCount = 0

2026-10-04 22:22:45,175 INFO toNotifyTaskSize = 0

2026-10-04 22:22:45,175 INFO toClientNotifyTaskSize = 0

2026-10-04 22:22:45,175 INFO [long-pulling] client count 0

2026-10-04 22:22:55,179 INFO toNotifyTaskSize = 0

2026-10-04 22:22:55,179 INFO [long-pulling] client count 0

2026-10-04 22:22:55,179 INFO groupCount = 2, subscriberClientCount = 0, subscriberCount = 0

2026-10-04 22:22:55,179 INFO toClientNotifyTaskSize = 0

2026-10-04 22:23:05,191 INFO toNotifyTaskSize = 0

2026-10-04 22:23:05,191 INFO toClientNotifyTaskSize = 0

2026-10-04 22:23:05,191 INFO groupCount = 2, subscriberClientCount = 0, subscriberCount = 0

2026-10-04 22:23:05,191 INFO [long-pulling] client count 0

2026-10-04 22:23:15,198 INFO toNotifyTaskSize = 0

2026-10-04 22:23:15,198 INFO toClientNotifyTaskSize = 0

2026-10-04 22:23:15,198 INFO groupCount = 2, subscriberClientCount = 0, subscriberCount = 0

2026-10-04 22:23:15,198 INFO [long-pulling] client count 0

2026-10-04 22:23:25,208 INFO [long-pulling] client count 0

2026-10-04 22:23:25,208 INFO toNotifyTaskSize = 0

2026-10-04 22:23:25,208 INFO toClientNotifyTaskSize = 0

2026-10-04 22:23:25,208 INFO groupCount = 2, subscriberClientCount = 0, subscriberCount = 0

2026-10-04 22:23:35,211 INFO toNotifyTaskSize = 0

2026-10-04 22:23:35,211 INFO toClientNotifyTaskSize = 0

2026-10-04 22:23:35,211 INFO groupCount = 2, subscriberClientCount = 0, subscriberCount = 0

2026-10-04 22:23:35,211 INFO [long-pulling] client count 0

2026-10-04 22:23:45,222 INFO [long-pulling] client count 0

2026-10-04 22:23:45,222 INFO groupCount = 2, subscriberClientCount = 0, subscriberCount = 0

2026-10-04 22:23:45,222 INFO toNotifyTaskSize = 0

2026-10-04 22:23:45,222 INFO toClientNotifyTaskSize = 0

2026-10-04 22:23:55,228 INFO toNotifyTaskSize = 0

2026-10-04 22:23:55,228 INFO [long-pulling] client count 0

2026-10-04 22:23:55,228 INFO groupCount = 2, subscriberClientCount = 0, subscriberCount = 0

2026-10-04 22:23:55,228 INFO toClientNotifyTaskSize = 0

2026-10-04 22:24:05,233 INFO groupCount = 2, subscriberClientCount = 0, subscriberCount = 0

2026-10-04 22:24:05,233 INFO toNotifyTaskSize = 0

2026-10-04 22:24:05,233 INFO [long-pulling] client count 0

2026-10-04 22:24:05,233 INFO toClientNotifyTaskSize = 0

2026-10-04 22:24:15,241 INFO [long-pulling] client count 0

2026-10-04 22:24:15,241 INFO toNotifyTaskSize = 0

2026-10-04 22:24:15,241 INFO toClientNotifyTaskSize = 0

2026-10-04 22:24:15,241 INFO groupCount = 2, subscriberClientCount = 0, subscriberCount = 0

2026-10-04 22:24:25,244 INFO [long-pulling] client count 0

2026-10-04 22:24:25,244 INFO toNotifyTaskSize = 0

2026-10-04 22:24:25,244 INFO groupCount = 2, subscriberClientCount = 0, subscriberCount = 0

2026-10-04 22:24:25,244 INFO toClientNotifyTaskSize = 0

2026-10-04 22:24:35,252 INFO toNotifyTaskSize = 0

2026-10-04 22:24:35,252 INFO [long-pulling] client count 0

2026-10-04 22:24:35,252 INFO groupCount = 2, subscriberClientCount = 0, subscriberCount = 0

2026-10-04 22:24:35,252 INFO toClientNotifyTaskSize = 0

2026-10-04 22:24:45,259 INFO [long-pulling] client count 0

2026-10-04 22:24:45,259 INFO groupCount = 2, subscriberClientCount = 0, subscriberCount = 0

2026-10-04 22:24:45,259 INFO toNotifyTaskSize = 0

2026-10-04 22:24:45,259 INFO toClientNotifyTaskSize = 0

2026-10-04 22:24:55,275 INFO toNotifyTaskSize = 0

2026-10-04 22:24:55,275 INFO toClientNotifyTaskSize = 0

2026-10-04 22:24:55,275 INFO groupCount = 2, subscriberClientCount = 0, subscriberCount = 0

2026-10-04 22:24:55,275 INFO [long-pulling] client count 0

2026-10-04 22:25:05,286 INFO toNotifyTaskSize = 0

2026-10-04 22:25:05,286 INFO [long-pulling] client count 0

2026-10-04 22:25:05,286 INFO groupCount = 2, subscriberClientCount = 0, subscriberCount = 0

2026-10-04 22:25:05,286 INFO toClientNotifyTaskSize = 0

2026-10-04 22:25:15,289 INFO groupCount = 2, subscriberClientCount = 0, subscriberCount = 0

2026-10-04 22:25:15,289 INFO [long-pulling] client count 0

2026-10-04 22:25:15,305 INFO toNotifyTaskSize = 0

2026-10-04 22:25:15,305 INFO toClientNotifyTaskSize = 0

2026-10-04 22:25:25,299 INFO groupCount = 2, subscriberClientCount = 0, subscriberCount = 0

2026-10-04 22:25:25,300 INFO [long-pulling] client count 0

2026-10-04 22:25:25,315 INFO toNotifyTaskSize = 0

2026-10-04 22:25:25,315 INFO toClientNotifyTaskSize = 0

2026-10-04 22:25:35,302 INFO groupCount = 2, subscriberClientCount = 0, subscriberCount = 0

2026-10-04 22:25:35,302 INFO [long-pulling] client count 0

2026-10-04 22:25:35,317 INFO toNotifyTaskSize = 0

2026-10-04 22:25:35,317 INFO toClientNotifyTaskSize = 0

2026-10-04 22:25:45,305 INFO [long-pulling] client count 0

2026-10-04 22:25:45,305 INFO groupCount = 2, subscriberClientCount = 0, subscriberCount = 0

2026-10-04 22:25:45,321 INFO toNotifyTaskSize = 0

2026-10-04 22:25:45,321 INFO toClientNotifyTaskSize = 0

2026-10-04 22:25:55,313 INFO [long-pulling] client count 0

2026-10-04 22:25:55,313 INFO groupCount = 2, subscriberClientCount = 0, subscriberCount = 0

2026-10-04 22:25:55,331 INFO toNotifyTaskSize = 0

2026-10-04 22:25:55,331 INFO toClientNotifyTaskSize = 0

2026-10-04 22:26:05,321 INFO [long-pulling] client count 0

2026-10-04 22:26:05,321 INFO groupCount = 2, subscriberClientCount = 0, subscriberCount = 0

2026-10-04 22:26:05,337 INFO toNotifyTaskSize = 0

2026-10-04 22:26:05,337 INFO toClientNotifyTaskSize = 0

2026-10-04 22:26:15,328 INFO groupCount = 2, subscriberClientCount = 0, subscriberCount = 0

2026-10-04 22:26:15,329 INFO [long-pulling] client count 0

2026-10-04 22:26:15,343 INFO toNotifyTaskSize = 0

2026-10-04 22:26:15,343 INFO toClientNotifyTaskSize = 0

2026-10-04 22:26:25,329 INFO groupCount = 2, subscriberClientCount = 0, subscriberCount = 0

2026-10-04 22:26:25,344 INFO toNotifyTaskSize = 0

2026-10-04 22:26:25,344 INFO toClientNotifyTaskSize = 0

2026-10-04 22:26:25,344 INFO [long-pulling] client count 0

2026-10-04 22:26:35,333 INFO groupCount = 2, subscriberClientCount = 0, subscriberCount = 0

2026-10-04 22:26:35,349 INFO [long-pulling] client count 0

2026-10-04 22:26:35,349 INFO toNotifyTaskSize = 0

2026-10-04 22:26:35,349 INFO toClientNotifyTaskSize = 0

2026-10-04 22:26:45,345 INFO groupCount = 2, subscriberClientCount = 0, subscriberCount = 0

2026-10-04 22:26:45,361 INFO toNotifyTaskSize = 0

2026-10-04 22:26:45,361 INFO toClientNotifyTaskSize = 0

2026-10-04 22:26:45,361 INFO [long-pulling] client count 0

2026-10-04 22:26:55,348 INFO groupCount = 2, subscriberClientCount = 0, subscriberCount = 0

2026-10-04 22:26:55,364 INFO toNotifyTaskSize = 0

2026-10-04 22:26:55,364 INFO toClientNotifyTaskSize = 0

2026-10-04 22:26:55,364 INFO [long-pulling] client count 0

2026-10-04 22:27:05,361 INFO groupCount = 2, subscriberClientCount = 0, subscriberCount = 0

2026-10-04 22:27:05,377 INFO toNotifyTaskSize = 0

2026-10-04 22:27:05,377 INFO toClientNotifyTaskSize = 0

2026-10-04 22:27:05,377 INFO [long-pulling] client count 0

2026-10-04 22:27:15,366 INFO groupCount = 2, subscriberClientCount = 0, subscriberCount = 0

2026-10-04 22:27:15,381 INFO [long-pulling] client count 0

2026-10-04 22:27:15,381 INFO toNotifyTaskSize = 0

2026-10-04 22:27:15,381 INFO toClientNotifyTaskSize = 0

2026-10-04 22:27:25,368 INFO groupCount = 2, subscriberClientCount = 0, subscriberCount = 0

2026-10-04 22:27:25,384 INFO toNotifyTaskSize = 0

2026-10-04 22:27:25,384 INFO toClientNotifyTaskSize = 0

2026-10-04 22:27:25,384 INFO [long-pulling] client count 0

2026-10-04 22:27:35,378 INFO groupCount = 2, subscriberClientCount = 0, subscriberCount = 0

2026-10-04 22:27:35,393 INFO toNotifyTaskSize = 0

2026-10-04 22:27:35,393 INFO [long-pulling] client count 0

2026-10-04 22:27:35,393 INFO toClientNotifyTaskSize = 0

2026-10-04 22:27:45,388 INFO groupCount = 2, subscriberClientCount = 0, subscriberCount = 0

2026-10-04 22:27:45,399 INFO toNotifyTaskSize = 0

2026-10-04 22:27:45,401 INFO toClientNotifyTaskSize = 0

2026-10-04 22:27:45,401 INFO [long-pulling] client count 0

2026-10-04 22:27:55,400 INFO groupCount = 2, subscriberClientCount = 0, subscriberCount = 0

2026-10-04 22:27:55,416 INFO toNotifyTaskSize = 0

2026-10-04 22:27:55,416 INFO [long-pulling] client count 0

2026-10-04 22:27:55,416 INFO toClientNotifyTaskSize = 0

2026-10-04 22:28:05,405 INFO groupCount = 2, subscriberClientCount = 0, subscriberCount = 0

2026-10-04 22:28:05,420 INFO [long-pulling] client count 0

2026-10-04 22:28:05,420 INFO toNotifyTaskSize = 0

2026-10-04 22:28:05,420 INFO toClientNotifyTaskSize = 0

2026-10-04 22:28:15,416 INFO groupCount = 2, subscriberClientCount = 0, subscriberCount = 0

2026-10-04 22:28:15,432 INFO toNotifyTaskSize = 0

2026-10-04 22:28:15,432 INFO toClientNotifyTaskSize = 0

2026-10-04 22:28:15,432 INFO [long-pulling] client count 0

2026-10-04 22:28:25,427 INFO groupCount = 2, subscriberClientCount = 0, subscriberCount = 0

2026-10-04 22:28:25,442 INFO toNotifyTaskSize = 0

2026-10-04 22:28:25,442 INFO toClientNotifyTaskSize = 0

2026-10-04 22:28:25,442 INFO [long-pulling] client count 0

2026-10-04 22:28:35,429 INFO groupCount = 2, subscriberClientCount = 0, subscriberCount = 0

2026-10-04 22:28:35,444 INFO [long-pulling] client count 0

2026-10-04 22:28:35,444 INFO toNotifyTaskSize = 0

2026-10-04 22:28:35,444 INFO toClientNotifyTaskSize = 0

2026-10-04 22:28:45,442 INFO groupCount = 2, subscriberClientCount = 0, subscriberCount = 0

2026-10-04 22:28:45,458 INFO [long-pulling] client count 0

2026-10-04 22:28:45,458 INFO toNotifyTaskSize = 0

2026-10-04 22:28:45,458 INFO toClientNotifyTaskSize = 0

2026-10-04 22:28:55,444 INFO groupCount = 2, subscriberClientCount = 0, subscriberCount = 0

2026-10-04 22:28:55,459 INFO toNotifyTaskSize = 0

2026-10-04 22:28:55,459 INFO toClientNotifyTaskSize = 0

2026-10-04 22:28:55,459 INFO [long-pulling] client count 0

2026-10-04 22:29:05,454 INFO groupCount = 2, subscriberClientCount = 0, subscriberCount = 0

2026-10-04 22:29:05,470 INFO [long-pulling] client count 0

2026-10-04 22:29:05,470 INFO toNotifyTaskSize = 0

2026-10-04 22:29:05,470 INFO toClientNotifyTaskSize = 0

2026-10-04 22:29:15,459 INFO groupCount = 2, subscriberClientCount = 0, subscriberCount = 0

2026-10-04 22:29:15,474 INFO [long-pulling] client count 0

2026-10-04 22:29:15,474 INFO toNotifyTaskSize = 0

2026-10-04 22:29:15,474 INFO toClientNotifyTaskSize = 0

2026-10-04 22:29:25,465 INFO groupCount = 2, subscriberClientCount = 0, subscriberCount = 0

2026-10-04 22:29:25,482 INFO toNotifyTaskSize = 0

2026-10-04 22:29:25,482 INFO toClientNotifyTaskSize = 0

2026-10-04 22:29:25,482 INFO [long-pulling] client count 0

2026-10-04 22:29:35,478 INFO groupCount = 2, subscriberClientCount = 0, subscriberCount = 0

2026-10-04 22:29:35,494 INFO [long-pulling] client count 0

2026-10-04 22:29:35,494 INFO toNotifyTaskSize = 0

2026-10-04 22:29:35,494 INFO toClientNotifyTaskSize = 0

2026-10-04 22:29:45,480 INFO groupCount = 2, subscriberClientCount = 0, subscriberCount = 0

2026-10-04 22:29:45,496 INFO [long-pulling] client count 0

2026-10-04 22:29:45,496 INFO toNotifyTaskSize = 0

2026-10-04 22:29:45,496 INFO toClientNotifyTaskSize = 0

2026-10-04 22:29:55,495 INFO groupCount = 2, subscriberClientCount = 0, subscriberCount = 0

2026-10-04 22:29:55,511 INFO [long-pulling] client count 0

2026-10-04 22:29:55,511 INFO toNotifyTaskSize = 0

2026-10-04 22:29:55,511 INFO toClientNotifyTaskSize = 0

2026-10-04 22:30:05,504 INFO groupCount = 2, subscriberClientCount = 0, subscriberCount = 0

2026-10-04 22:30:05,519 INFO toNotifyTaskSize = 0

2026-10-04 22:30:05,519 INFO toClientNotifyTaskSize = 0

2026-10-04 22:30:05,519 INFO [long-pulling] client count 0

2026-10-04 22:30:15,512 INFO groupCount = 2, subscriberClientCount = 0, subscriberCount = 0

2026-10-04 22:30:15,528 INFO [long-pulling] client count 0

2026-10-04 22:30:15,528 INFO toNotifyTaskSize = 0

2026-10-04 22:30:15,528 INFO toClientNotifyTaskSize = 0

2026-10-04 22:30:25,520 INFO groupCount = 2, subscriberClientCount = 0, subscriberCount = 0

2026-10-04 22:30:25,535 INFO [long-pulling] client count 0

2026-10-04 22:30:25,535 INFO toNotifyTaskSize = 0

2026-10-04 22:30:25,535 INFO toClientNotifyTaskSize = 0

2026-10-04 22:30:35,521 INFO groupCount = 2, subscriberClientCount = 0, subscriberCount = 0

2026-10-04 22:30:35,536 INFO toNotifyTaskSize = 0

2026-10-04 22:30:35,536 INFO toClientNotifyTaskSize = 0

2026-10-04 22:30:35,538 INFO [long-pulling] client count 0

2026-10-04 22:30:45,523 INFO groupCount = 2, subscriberClientCount = 0, subscriberCount = 0

2026-10-04 22:30:45,539 INFO [long-pulling] client count 0

2026-10-04 22:30:45,539 INFO toNotifyTaskSize = 0

2026-10-04 22:30:45,539 INFO toClientNotifyTaskSize = 0

2026-10-04 22:30:55,527 INFO groupCount = 2, subscriberClientCount = 0, subscriberCount = 0

2026-10-04 22:30:55,543 INFO [long-pulling] client count 0

2026-10-04 22:30:55,543 INFO toNotifyTaskSize = 0

2026-10-04 22:30:55,543 INFO toClientNotifyTaskSize = 0

2026-10-04 22:31:05,531 INFO groupCount = 2, subscriberClientCount = 0, subscriberCount = 0

2026-10-04 22:31:05,547 INFO toNotifyTaskSize = 0

2026-10-04 22:31:05,547 INFO [long-pulling] client count 0

2026-10-04 22:31:05,547 INFO toClientNotifyTaskSize = 0

2026-10-04 22:31:15,544 INFO groupCount = 2, subscriberClientCount = 0, subscriberCount = 0

2026-10-04 22:31:15,560 INFO toNotifyTaskSize = 0

2026-10-04 22:31:15,560 INFO [long-pulling] client count 0

2026-10-04 22:31:15,560 INFO toClientNotifyTaskSize = 0

2026-10-04 22:31:25,547 INFO groupCount = 2, subscriberClientCount = 0, subscriberCount = 0

2026-10-04 22:31:25,563 INFO toNotifyTaskSize = 0

2026-10-04 22:31:25,563 INFO toClientNotifyTaskSize = 0

2026-10-04 22:31:25,563 INFO [long-pulling] client count 0

2026-10-04 22:31:35,548 INFO groupCount = 2, subscriberClientCount = 0, subscriberCount = 0

2026-10-04 22:31:35,564 INFO toNotifyTaskSize = 0

2026-10-04 22:31:35,564 INFO [long-pulling] client count 0

2026-10-04 22:31:35,564 INFO toClientNotifyTaskSize = 0

2026-10-04 22:31:45,553 INFO groupCount = 2, subscriberClientCount = 0, subscriberCount = 0

2026-10-04 22:31:45,568 INFO toNotifyTaskSize = 0

2026-10-04 22:31:45,568 INFO [long-pulling] client count 0

2026-10-04 22:31:45,568 INFO toClientNotifyTaskSize = 0

2026-10-04 22:31:55,568 INFO groupCount = 2, subscriberClientCount = 0, subscriberCount = 0

2026-10-04 22:31:55,584 INFO toNotifyTaskSize = 0

2026-10-04 22:31:55,584 INFO [long-pulling] client count 0

2026-10-04 22:31:55,584 INFO toClientNotifyTaskSize = 0

2026-10-04 22:32:05,579 INFO groupCount = 2, subscriberClientCount = 0, subscriberCount = 0

2026-10-04 22:32:05,595 INFO [long-pulling] client count 0

2026-10-04 22:32:05,595 INFO toNotifyTaskSize = 0

2026-10-04 22:32:05,595 INFO toClientNotifyTaskSize = 0

2026-10-04 22:32:15,590 INFO groupCount = 2, subscriberClientCount = 0, subscriberCount = 0

2026-10-04 22:32:15,605 INFO [long-pulling] client count 0

2026-10-04 22:32:15,605 INFO toNotifyTaskSize = 0

2026-10-04 22:32:15,605 INFO toClientNotifyTaskSize = 0

2026-10-04 22:32:25,599 INFO groupCount = 2, subscriberClientCount = 0, subscriberCount = 0

2026-10-04 22:32:25,614 INFO toNotifyTaskSize = 0

2026-10-04 22:32:25,614 INFO toClientNotifyTaskSize = 0

2026-10-04 22:32:25,615 INFO [long-pulling] client count 0

2026-10-04 22:32:35,602 INFO groupCount = 2, subscriberClientCount = 0, subscriberCount = 0

2026-10-04 22:32:35,618 INFO toNotifyTaskSize = 0

2026-10-04 22:32:35,618 INFO toClientNotifyTaskSize = 0

2026-10-04 22:32:35,618 INFO [long-pulling] client count 0

2026-10-04 22:32:45,614 INFO groupCount = 2, subscriberClientCount = 0, subscriberCount = 0

2026-10-04 22:32:45,630 INFO toNotifyTaskSize = 0

2026-10-04 22:32:45,630 INFO toClientNotifyTaskSize = 0

2026-10-04 22:32:45,630 INFO [long-pulling] client count 0

2026-10-04 22:32:55,615 INFO groupCount = 2, subscriberClientCount = 0, subscriberCount = 0

2026-10-04 22:32:55,631 INFO [long-pulling] client count 0

2026-10-04 22:32:55,631 INFO toNotifyTaskSize = 0

2026-10-04 22:32:55,631 INFO toClientNotifyTaskSize = 0

2026-10-04 22:33:05,625 INFO groupCount = 2, subscriberClientCount = 0, subscriberCount = 0

2026-10-04 22:33:05,641 INFO toNotifyTaskSize = 0

2026-10-04 22:33:05,641 INFO toClientNotifyTaskSize = 0

2026-10-04 22:33:05,641 INFO [long-pulling] client count 0

2026-10-04 22:33:15,635 INFO groupCount = 2, subscriberClientCount = 0, subscriberCount = 0

2026-10-04 22:33:15,651 INFO toNotifyTaskSize = 0

2026-10-04 22:33:15,651 INFO toClientNotifyTaskSize = 0

2026-10-04 22:33:15,651 INFO [long-pulling] client count 0

2026-10-04 22:33:25,648 INFO groupCount = 2, subscriberClientCount = 0, subscriberCount = 0

2026-10-04 22:33:25,664 INFO toNotifyTaskSize = 0

2026-10-04 22:33:25,664 INFO toClientNotifyTaskSize = 0

2026-10-04 22:33:25,664 INFO [long-pulling] client count 0

2026-10-04 22:33:35,654 INFO groupCount = 2, subscriberClientCount = 0, subscriberCount = 0

2026-10-04 22:33:35,670 INFO [long-pulling] client count 0

2026-10-04 22:33:35,670 INFO toNotifyTaskSize = 0

2026-10-04 22:33:35,670 INFO toClientNotifyTaskSize = 0

2026-10-04 22:33:45,659 INFO groupCount = 2, subscriberClientCount = 0, subscriberCount = 0

2026-10-04 22:33:45,675 INFO toNotifyTaskSize = 0

2026-10-04 22:33:45,675 INFO toClientNotifyTaskSize = 0

2026-10-04 22:33:45,675 INFO [long-pulling] client count 0

2026-10-04 22:33:55,667 INFO groupCount = 2, subscriberClientCount = 0, subscriberCount = 0

2026-10-04 22:33:55,683 INFO [long-pulling] client count 0

2026-10-04 22:33:55,683 INFO toNotifyTaskSize = 0

2026-10-04 22:33:55,683 INFO toClientNotifyTaskSize = 0

2026-10-04 22:34:05,671 INFO groupCount = 2, subscriberClientCount = 0, subscriberCount = 0

2026-10-04 22:34:05,686 INFO [long-pulling] client count 0

2026-10-04 22:34:05,686 INFO toNotifyTaskSize = 0

2026-10-04 22:34:05,686 INFO toClientNotifyTaskSize = 0

2026-10-04 22:34:15,683 INFO groupCount = 2, subscriberClientCount = 0, subscriberCount = 0

2026-10-04 22:34:15,699 INFO toNotifyTaskSize = 0

2026-10-04 22:34:15,699 INFO [long-pulling] client count 0

2026-10-04 22:34:15,699 INFO toClientNotifyTaskSize = 0

2026-10-04 22:34:25,697 INFO groupCount = 2, subscriberClientCount = 0, subscriberCount = 0

2026-10-04 22:34:25,712 INFO [long-pulling] client count 0

2026-10-04 22:34:25,712 INFO toNotifyTaskSize = 0

2026-10-04 22:34:25,712 INFO toClientNotifyTaskSize = 0

2026-10-04 22:34:35,707 INFO groupCount = 2, subscriberClientCount = 0, subscriberCount = 0

2026-10-04 22:34:35,723 INFO [long-pulling] client count 0

2026-10-04 22:34:35,723 INFO toNotifyTaskSize = 0

2026-10-04 22:34:35,723 INFO toClientNotifyTaskSize = 0

2026-10-04 22:34:45,712 INFO groupCount = 2, subscriberClientCount = 0, subscriberCount = 0

2026-10-04 22:34:45,729 INFO toNotifyTaskSize = 0

2026-10-04 22:34:45,729 INFO toClientNotifyTaskSize = 0

2026-10-04 22:34:45,729 INFO [long-pulling] client count 0

2026-10-04 22:34:55,716 INFO groupCount = 2, subscriberClientCount = 0, subscriberCount = 0

2026-10-04 22:34:55,732 INFO [long-pulling] client count 0

2026-10-04 22:34:55,732 INFO toNotifyTaskSize = 0

2026-10-04 22:34:55,732 INFO toClientNotifyTaskSize = 0

2026-10-04 22:35:05,726 INFO groupCount = 2, subscriberClientCount = 0, subscriberCount = 0

2026-10-04 22:35:05,741 INFO [long-pulling] client count 0

2026-10-04 22:35:05,741 INFO toNotifyTaskSize = 0

2026-10-04 22:35:05,741 INFO toClientNotifyTaskSize = 0

2026-10-04 22:35:15,741 INFO groupCount = 2, subscriberClientCount = 0, subscriberCount = 0

2026-10-04 22:35:15,756 INFO [long-pulling] client count 0

2026-10-04 22:35:15,757 INFO toNotifyTaskSize = 0

2026-10-04 22:35:15,757 INFO toClientNotifyTaskSize = 0

2026-10-04 22:35:25,752 INFO groupCount = 2, subscriberClientCount = 0, subscriberCount = 0

2026-10-04 22:35:25,768 INFO [long-pulling] client count 0

2026-10-04 22:35:25,768 INFO toNotifyTaskSize = 0

2026-10-04 22:35:25,768 INFO toClientNotifyTaskSize = 0

2026-10-04 22:35:35,766 INFO groupCount = 2, subscriberClientCount = 0, subscriberCount = 0

2026-10-04 22:35:35,781 INFO [long-pulling] client count 0

2026-10-04 22:35:35,781 INFO toNotifyTaskSize = 0

2026-10-04 22:35:35,781 INFO toClientNotifyTaskSize = 0

2026-10-04 22:35:45,773 INFO groupCount = 2, subscriberClientCount = 0, subscriberCount = 0

2026-10-04 22:35:45,789 INFO [long-pulling] client count 0

2026-10-04 22:35:45,789 INFO toNotifyTaskSize = 0

2026-10-04 22:35:45,789 INFO toClientNotifyTaskSize = 0

2026-10-04 22:35:55,783 INFO groupCount = 2, subscriberClientCount = 0, subscriberCount = 0

2026-10-04 22:35:55,800 INFO [long-pulling] client count 0

2026-10-04 22:35:55,800 INFO toNotifyTaskSize = 0

2026-10-04 22:35:55,800 INFO toClientNotifyTaskSize = 0

2026-10-04 22:36:05,796 INFO groupCount = 2, subscriberClientCount = 0, subscriberCount = 0

2026-10-04 22:36:05,811 INFO [long-pulling] client count 0

2026-10-04 22:36:05,811 INFO toNotifyTaskSize = 0

2026-10-04 22:36:05,811 INFO toClientNotifyTaskSize = 0

2026-10-04 22:36:15,802 INFO groupCount = 2, subscriberClientCount = 0, subscriberCount = 0

2026-10-04 22:36:15,818 INFO toNotifyTaskSize = 0

2026-10-04 22:36:15,818 INFO [long-pulling] client count 0

2026-10-04 22:36:15,818 INFO toClientNotifyTaskSize = 0

2026-10-04 22:36:25,814 INFO groupCount = 2, subscriberClientCount = 0, subscriberCount = 0

2026-10-04 22:36:25,830 INFO toNotifyTaskSize = 0

2026-10-04 22:36:25,830 INFO toClientNotifyTaskSize = 0

2026-10-04 22:36:25,830 INFO [long-pulling] client count 0

2026-10-04 22:36:35,818 INFO groupCount = 2, subscriberClientCount = 0, subscriberCount = 0

2026-10-04 22:36:35,833 INFO [long-pulling] client count 0

2026-10-04 22:36:35,833 INFO toNotifyTaskSize = 0

2026-10-04 22:36:35,833 INFO toClientNotifyTaskSize = 0

2026-10-04 22:36:45,838 INFO toNotifyTaskSize = 0

2026-10-04 22:36:45,839 INFO toClientNotifyTaskSize = 0

2026-10-04 22:36:45,839 INFO groupCount = 2, subscriberClientCount = 0, subscriberCount = 0

2026-10-04 22:36:45,841 INFO [long-pulling] client count 0

2026-10-04 22:36:55,845 INFO toNotifyTaskSize = 0

2026-10-04 22:36:55,845 INFO groupCount = 2, subscriberClientCount = 0, subscriberCount = 0

2026-10-04 22:36:55,845 INFO [long-pulling] client count 0

2026-10-04 22:36:55,845 INFO toClientNotifyTaskSize = 0

2026-10-04 22:37:05,855 INFO [long-pulling] client count 0

2026-10-04 22:37:05,855 INFO groupCount = 2, subscriberClientCount = 0, subscriberCount = 0

2026-10-04 22:37:05,855 INFO toNotifyTaskSize = 0

2026-10-04 22:37:05,855 INFO toClientNotifyTaskSize = 0

2026-10-04 22:37:15,871 INFO toNotifyTaskSize = 0

2026-10-04 22:37:15,871 INFO groupCount = 2, subscriberClientCount = 0, subscriberCount = 0

2026-10-04 22:37:15,871 INFO [long-pulling] client count 0

2026-10-04 22:37:15,871 INFO toClientNotifyTaskSize = 0

2026-10-04 22:37:25,879 INFO toNotifyTaskSize = 0

2026-10-04 22:37:25,879 INFO [long-pulling] client count 0

2026-10-04 22:37:25,879 INFO groupCount = 2, subscriberClientCount = 0, subscriberCount = 0

2026-10-04 22:37:25,880 INFO toClientNotifyTaskSize = 0

2026-10-04 22:37:35,896 INFO toNotifyTaskSize = 0

2026-10-04 22:37:35,896 INFO [long-pulling] client count 0

2026-10-04 22:37:35,896 INFO groupCount = 2, subscriberClientCount = 0, subscriberCount = 0

2026-10-04 22:37:35,896 INFO toClientNotifyTaskSize = 0

2026-10-04 22:37:45,898 INFO groupCount = 2, subscriberClientCount = 0, subscriberCount = 0

2026-10-04 22:37:45,898 INFO [long-pulling] client count 0

2026-10-04 22:37:45,898 INFO toNotifyTaskSize = 0

2026-10-04 22:37:45,898 INFO toClientNotifyTaskSize = 0

2026-10-04 22:37:55,902 INFO [long-pulling] client count 0

2026-10-04 22:37:55,902 INFO groupCount = 2, subscriberClientCount = 0, subscriberCount = 0

2026-10-04 22:37:55,902 INFO toNotifyTaskSize = 0

2026-10-04 22:37:55,902 INFO toClientNotifyTaskSize = 0

2026-10-04 22:38:05,912 INFO groupCount = 2, subscriberClientCount = 0, subscriberCount = 0

2026-10-04 22:38:05,912 INFO toNotifyTaskSize = 0

2026-10-04 22:38:05,912 INFO toClientNotifyTaskSize = 0

2026-10-04 22:38:05,913 INFO [long-pulling] client count 0

2026-10-04 22:38:15,926 INFO [long-pulling] client count 0

2026-10-04 22:38:15,927 INFO toNotifyTaskSize = 0

2026-10-04 22:38:15,927 INFO groupCount = 2, subscriberClientCount = 0, subscriberCount = 0

2026-10-04 22:38:15,927 INFO toClientNotifyTaskSize = 0

2026-10-04 22:38:25,932 INFO toNotifyTaskSize = 0

2026-10-04 22:38:25,932 INFO [long-pulling] client count 0

2026-10-04 22:38:25,932 INFO groupCount = 2, subscriberClientCount = 0, subscriberCount = 0

2026-10-04 22:38:25,932 INFO toClientNotifyTaskSize = 0

2026-10-04 22:38:35,944 INFO groupCount = 2, subscriberClientCount = 0, subscriberCount = 0

2026-10-04 22:38:35,945 INFO toNotifyTaskSize = 0

2026-10-04 22:38:35,945 INFO toClientNotifyTaskSize = 0

2026-10-04 22:38:35,945 INFO [long-pulling] client count 0

2026-10-04 22:38:45,958 INFO toNotifyTaskSize = 0

2026-10-04 22:38:45,958 INFO toClientNotifyTaskSize = 0

2026-10-04 22:38:45,958 INFO groupCount = 2, subscriberClientCount = 0, subscriberCount = 0

2026-10-04 22:38:45,958 INFO [long-pulling] client count 0

2026-10-04 22:38:55,961 INFO toNotifyTaskSize = 0

2026-10-04 22:38:55,961 INFO toClientNotifyTaskSize = 0

2026-10-04 22:38:55,961 INFO groupCount = 2, subscriberClientCount = 0, subscriberCount = 0

2026-10-04 22:38:55,962 INFO [long-pulling] client count 0

2026-10-04 22:39:05,975 INFO toNotifyTaskSize = 0

2026-10-04 22:39:05,975 INFO [long-pulling] client count 0

2026-10-04 22:39:05,975 INFO toClientNotifyTaskSize = 0

2026-10-04 22:39:05,975 INFO groupCount = 2, subscriberClientCount = 0, subscriberCount = 0

2026-10-04 22:39:15,982 INFO toNotifyTaskSize = 0

2026-10-04 22:39:15,982 INFO [long-pulling] client count 0

2026-10-04 22:39:15,982 INFO groupCount = 2, subscriberClientCount = 0, subscriberCount = 0

2026-10-04 22:39:15,982 INFO toClientNotifyTaskSize = 0

2026-10-04 22:39:25,987 INFO groupCount = 2, subscriberClientCount = 0, subscriberCount = 0

2026-10-04 22:39:25,987 INFO toNotifyTaskSize = 0

2026-10-04 22:39:25,987 INFO toClientNotifyTaskSize = 0

2026-10-04 22:39:25,987 INFO [long-pulling] client count 0

2026-10-04 22:39:35,993 INFO groupCount = 2, subscriberClientCount = 0, subscriberCount = 0

2026-10-04 22:39:35,993 INFO toNotifyTaskSize = 0

2026-10-04 22:39:35,993 INFO toClientNotifyTaskSize = 0

2026-10-04 22:39:35,993 INFO [long-pulling] client count 0

2026-10-04 22:39:45,994 INFO groupCount = 2, subscriberClientCount = 0, subscriberCount = 0

2026-10-04 22:39:45,994 INFO toNotifyTaskSize = 0

2026-10-04 22:39:45,994 INFO [long-pulling] client count 0

2026-10-04 22:39:45,994 INFO toClientNotifyTaskSize = 0

2026-10-04 22:39:55,996 INFO toNotifyTaskSize = 0

2026-10-04 22:39:55,997 INFO toClientNotifyTaskSize = 0

2026-10-04 22:39:55,997 INFO groupCount = 2, subscriberClientCount = 0, subscriberCount = 0

2026-10-04 22:39:55,997 INFO [long-pulling] client count 0

2026-10-04 22:40:06,012 INFO [long-pulling] client count 0

2026-10-04 22:40:06,012 INFO toNotifyTaskSize = 0

2026-10-04 22:40:06,012 INFO toClientNotifyTaskSize = 0

2026-10-04 22:40:06,012 INFO groupCount = 2, subscriberClientCount = 0, subscriberCount = 0

2026-10-04 22:40:16,027 INFO toNotifyTaskSize = 0

2026-10-04 22:40:16,027 INFO toClientNotifyTaskSize = 0

2026-10-04 22:40:16,027 INFO [long-pulling] client count 0

2026-10-04 22:40:16,027 INFO groupCount = 2, subscriberClientCount = 0, subscriberCount = 0

2026-10-04 22:40:26,035 INFO toNotifyTaskSize = 0

2026-10-04 22:40:26,035 INFO toClientNotifyTaskSize = 0

2026-10-04 22:40:26,035 INFO groupCount = 2, subscriberClientCount = 0, subscriberCount = 0

2026-10-04 22:40:26,035 INFO [long-pulling] client count 0

2026-10-04 22:40:36,047 INFO toNotifyTaskSize = 0

2026-10-04 22:40:36,047 INFO groupCount = 2, subscriberClientCount = 0, subscriberCount = 0

2026-10-04 22:40:36,047 INFO [long-pulling] client count 0

2026-10-04 22:40:36,047 INFO toClientNotifyTaskSize = 0

2026-10-04 22:40:46,057 INFO groupCount = 2, subscriberClientCount = 0, subscriberCount = 0

2026-10-04 22:40:46,057 INFO toNotifyTaskSize = 0

2026-10-04 22:40:46,057 INFO [long-pulling] client count 0

2026-10-04 22:40:46,057 INFO toClientNotifyTaskSize = 0

2026-10-04 22:40:56,063 INFO groupCount = 2, subscriberClientCount = 0, subscriberCount = 0

2026-10-04 22:40:56,063 INFO [long-pulling] client count 0

2026-10-04 22:40:56,063 INFO toNotifyTaskSize = 0

2026-10-04 22:40:56,063 INFO toClientNotifyTaskSize = 0

2026-10-04 22:41:06,072 INFO groupCount = 2, subscriberClientCount = 0, subscriberCount = 0

2026-10-04 22:41:06,072 INFO [long-pulling] client count 0

2026-10-04 22:41:06,072 INFO toNotifyTaskSize = 0

2026-10-04 22:41:06,073 INFO toClientNotifyTaskSize = 0

2026-10-04 22:41:16,076 INFO [long-pulling] client count 0

2026-10-04 22:41:16,076 INFO toNotifyTaskSize = 0

2026-10-04 22:41:16,076 INFO toClientNotifyTaskSize = 0

2026-10-04 22:41:16,076 INFO groupCount = 2, subscriberClientCount = 0, subscriberCount = 0

2026-10-04 22:41:26,081 INFO groupCount = 2, subscriberClientCount = 0, subscriberCount = 0

2026-10-04 22:41:26,081 INFO toNotifyTaskSize = 0

2026-10-04 22:41:26,081 INFO [long-pulling] client count 0

2026-10-04 22:41:26,081 INFO toClientNotifyTaskSize = 0

2026-10-04 22:41:36,094 INFO groupCount = 2, subscriberClientCount = 0, subscriberCount = 0

2026-10-04 22:41:36,094 INFO [long-pulling] client count 0

2026-10-04 22:41:36,094 INFO toNotifyTaskSize = 0

2026-10-04 22:41:36,094 INFO toClientNotifyTaskSize = 0

2026-10-04 22:41:46,106 INFO groupCount = 2, subscriberClientCount = 0, subscriberCount = 0

2026-10-04 22:41:46,106 INFO toNotifyTaskSize = 0

2026-10-04 22:41:46,106 INFO [long-pulling] client count 0

2026-10-04 22:41:46,106 INFO toClientNotifyTaskSize = 0

2026-10-04 22:41:56,107 INFO [long-pulling] client count 0

2026-10-04 22:41:56,107 INFO toNotifyTaskSize = 0

2026-10-04 22:41:56,107 INFO groupCount = 2, subscriberClientCount = 0, subscriberCount = 0

2026-10-04 22:41:56,107 INFO toClientNotifyTaskSize = 0

2026-10-04 22:42:06,119 INFO groupCount = 2, subscriberClientCount = 0, subscriberCount = 0

2026-10-04 22:42:06,119 INFO toNotifyTaskSize = 0

2026-10-04 22:42:06,119 INFO [long-pulling] client count 0

2026-10-04 22:42:06,119 INFO toClientNotifyTaskSize = 0

2026-10-04 22:42:16,132 INFO groupCount = 2, subscriberClientCount = 0, subscriberCount = 0

2026-10-04 22:42:16,132 INFO [long-pulling] client count 0

2026-10-04 22:42:16,132 INFO toNotifyTaskSize = 0

2026-10-04 22:42:16,132 INFO toClientNotifyTaskSize = 0

2026-10-04 22:42:26,145 INFO [long-pulling] client count 0

2026-10-04 22:42:26,145 INFO groupCount = 2, subscriberClientCount = 0, subscriberCount = 0

2026-10-04 22:42:26,145 INFO toNotifyTaskSize = 0

2026-10-04 22:42:26,145 INFO toClientNotifyTaskSize = 0

2026-10-04 22:42:36,153 INFO groupCount = 2, subscriberClientCount = 0, subscriberCount = 0

2026-10-04 22:42:36,153 INFO toNotifyTaskSize = 0

2026-10-04 22:42:36,153 INFO toClientNotifyTaskSize = 0

2026-10-04 22:42:36,153 INFO [long-pulling] client count 0

2026-10-04 22:42:46,166 INFO toNotifyTaskSize = 0

2026-10-04 22:42:46,166 INFO groupCount = 2, subscriberClientCount = 0, subscriberCount = 0

2026-10-04 22:42:46,167 INFO toClientNotifyTaskSize = 0

2026-10-04 22:42:46,166 INFO [long-pulling] client count 0

2026-10-04 22:42:56,181 INFO [long-pulling] client count 0

2026-10-04 22:42:56,181 INFO toNotifyTaskSize = 0

2026-10-04 22:42:56,181 INFO groupCount = 2, subscriberClientCount = 0, subscriberCount = 0

2026-10-04 22:42:56,181 INFO toClientNotifyTaskSize = 0

2026-10-04 22:43:06,196 INFO [long-pulling] client count 0

2026-10-04 22:43:06,196 INFO groupCount = 2, subscriberClientCount = 0, subscriberCount = 0

2026-10-04 22:43:06,196 INFO toNotifyTaskSize = 0

2026-10-04 22:43:06,196 INFO toClientNotifyTaskSize = 0

2026-10-04 22:43:16,206 INFO [long-pulling] client count 0

2026-10-04 22:43:16,206 INFO toNotifyTaskSize = 0

2026-10-04 22:43:16,206 INFO toClientNotifyTaskSize = 0

2026-10-04 22:43:16,206 INFO groupCount = 2, subscriberClientCount = 0, subscriberCount = 0

2026-10-04 22:43:26,209 INFO toNotifyTaskSize = 0

2026-10-04 22:43:26,209 INFO [long-pulling] client count 0

2026-10-04 22:43:26,209 INFO groupCount = 2, subscriberClientCount = 0, subscriberCount = 0

2026-10-04 22:43:26,209 INFO toClientNotifyTaskSize = 0

2026-10-04 22:43:36,214 INFO [long-pulling] client count 0

2026-10-04 22:43:36,214 INFO groupCount = 2, subscriberClientCount = 0, subscriberCount = 0

2026-10-04 22:43:36,214 INFO toNotifyTaskSize = 0

2026-10-04 22:43:36,214 INFO toClientNotifyTaskSize = 0

2026-10-04 22:43:46,215 INFO [long-pulling] client count 0

2026-10-04 22:43:46,215 INFO toNotifyTaskSize = 0

2026-10-04 22:43:46,215 INFO groupCount = 2, subscriberClientCount = 0, subscriberCount = 0

2026-10-04 22:43:46,215 INFO toClientNotifyTaskSize = 0

2026-10-04 22:43:56,223 INFO toNotifyTaskSize = 0

2026-10-04 22:43:56,223 INFO toClientNotifyTaskSize = 0

2026-10-04 22:43:56,224 INFO groupCount = 2, subscriberClientCount = 0, subscriberCount = 0

2026-10-04 22:43:56,224 INFO [long-pulling] client count 0

2026-10-04 22:44:06,237 INFO [long-pulling] client count 0

2026-10-04 22:44:06,237 INFO groupCount = 2, subscriberClientCount = 0, subscriberCount = 0

2026-10-04 22:44:06,237 INFO toNotifyTaskSize = 0

2026-10-04 22:44:06,237 INFO toClientNotifyTaskSize = 0

2026-10-04 22:44:16,242 INFO toNotifyTaskSize = 0

2026-10-04 22:44:16,242 INFO groupCount = 2, subscriberClientCount = 0, subscriberCount = 0

2026-10-04 22:44:16,242 INFO [long-pulling] client count 0

2026-10-04 22:44:16,242 INFO toClientNotifyTaskSize = 0

2026-10-04 22:44:26,257 INFO toNotifyTaskSize = 0

2026-10-04 22:44:26,257 INFO groupCount = 2, subscriberClientCount = 0, subscriberCount = 0

2026-10-04 22:44:26,257 INFO [long-pulling] client count 0

2026-10-04 22:44:26,257 INFO toClientNotifyTaskSize = 0

2026-10-04 22:44:36,263 INFO [long-pulling] client count 0

2026-10-04 22:44:36,263 INFO toNotifyTaskSize = 0

2026-10-04 22:44:36,263 INFO groupCount = 2, subscriberClientCount = 0, subscriberCount = 0

2026-10-04 22:44:36,263 INFO toClientNotifyTaskSize = 0

2026-10-04 22:44:46,278 INFO groupCount = 2, subscriberClientCount = 0, subscriberCount = 0

2026-10-04 22:44:46,278 INFO toNotifyTaskSize = 0

2026-10-04 22:44:46,278 INFO toClientNotifyTaskSize = 0

2026-10-04 22:44:46,279 INFO [long-pulling] client count 0

2026-10-04 22:44:56,288 INFO [long-pulling] client count 0

2026-10-04 22:44:56,288 INFO toNotifyTaskSize = 0

2026-10-04 22:44:56,288 INFO groupCount = 2, subscriberClientCount = 0, subscriberCount = 0

2026-10-04 22:44:56,288 INFO toClientNotifyTaskSize = 0

2026-10-04 22:45:06,302 INFO toNotifyTaskSize = 0

2026-10-04 22:45:06,302 INFO toClientNotifyTaskSize = 0

2026-10-04 22:45:06,302 INFO groupCount = 2, subscriberClientCount = 0, subscriberCount = 0

2026-10-04 22:45:06,303 INFO [long-pulling] client count 0

2026-10-04 22:45:16,306 INFO groupCount = 2, subscriberClientCount = 0, subscriberCount = 0

2026-10-04 22:45:16,306 INFO toNotifyTaskSize = 0

2026-10-04 22:45:16,306 INFO toClientNotifyTaskSize = 0

2026-10-04 22:45:16,306 INFO [long-pulling] client count 0

2026-10-04 22:45:26,320 INFO [long-pulling] client count 0

2026-10-04 22:45:26,320 INFO groupCount = 2, subscriberClientCount = 0, subscriberCount = 0

2026-10-04 22:45:26,320 INFO toNotifyTaskSize = 0

2026-10-04 22:45:26,320 INFO toClientNotifyTaskSize = 0

2026-10-04 22:45:36,328 INFO groupCount = 2, subscriberClientCount = 0, subscriberCount = 0

2026-10-04 22:45:36,328 INFO toNotifyTaskSize = 0

2026-10-04 22:45:36,328 INFO [long-pulling] client count 0

2026-10-04 22:45:36,328 INFO toClientNotifyTaskSize = 0

2026-10-04 22:45:46,334 INFO groupCount = 2, subscriberClientCount = 0, subscriberCount = 0

2026-10-04 22:45:46,334 INFO toNotifyTaskSize = 0

2026-10-04 22:45:46,334 INFO toClientNotifyTaskSize = 0

2026-10-04 22:45:46,334 INFO [long-pulling] client count 0

2026-10-04 22:45:56,338 INFO groupCount = 2, subscriberClientCount = 0, subscriberCount = 0

2026-10-04 22:45:56,338 INFO toNotifyTaskSize = 0

2026-10-04 22:45:56,338 INFO [long-pulling] client count 0

2026-10-04 22:45:56,338 INFO toClientNotifyTaskSize = 0

2026-10-04 22:46:06,357 INFO groupCount = 2, subscriberClientCount = 0, subscriberCount = 0

2026-10-04 22:46:06,357 INFO toNotifyTaskSize = 0

2026-10-04 22:46:06,357 INFO toClientNotifyTaskSize = 0

2026-10-04 22:46:06,357 INFO [long-pulling] client count 0

2026-10-04 22:46:16,371 INFO toNotifyTaskSize = 0

2026-10-04 22:46:16,371 INFO [long-pulling] client count 0

2026-10-04 22:46:16,371 INFO toClientNotifyTaskSize = 0

2026-10-04 22:46:16,371 INFO groupCount = 2, subscriberClientCount = 0, subscriberCount = 0

2026-10-04 22:46:26,381 INFO toNotifyTaskSize = 0

2026-10-04 22:46:26,381 INFO groupCount = 2, subscriberClientCount = 0, subscriberCount = 0

2026-10-04 22:46:26,381 INFO [long-pulling] client count 0

2026-10-04 22:46:26,381 INFO toClientNotifyTaskSize = 0

2026-10-04 22:46:36,385 INFO [long-pulling] client count 0

2026-10-04 22:46:36,385 INFO groupCount = 2, subscriberClientCount = 0, subscriberCount = 0

2026-10-04 22:46:36,385 INFO toNotifyTaskSize = 0

2026-10-04 22:46:36,385 INFO toClientNotifyTaskSize = 0

2026-10-04 22:46:46,389 INFO groupCount = 2, subscriberClientCount = 0, subscriberCount = 0

2026-10-04 22:46:46,389 INFO toNotifyTaskSize = 0

2026-10-04 22:46:46,389 INFO [long-pulling] client count 0

2026-10-04 22:46:46,389 INFO toClientNotifyTaskSize = 0

2026-10-04 22:46:56,394 INFO [long-pulling] client count 0

2026-10-04 22:46:56,394 INFO toNotifyTaskSize = 0

2026-10-04 22:46:56,394 INFO groupCount = 2, subscriberClientCount = 0, subscriberCount = 0

2026-10-04 22:46:56,394 INFO toClientNotifyTaskSize = 0

2026-10-04 22:47:06,397 INFO [long-pulling] client count 0

2026-10-04 22:47:06,397 INFO toNotifyTaskSize = 0

2026-10-04 22:47:06,397 INFO groupCount = 2, subscriberClientCount = 0, subscriberCount = 0

2026-10-04 22:47:06,397 INFO toClientNotifyTaskSize = 0

2026-10-04 22:47:16,401 INFO [long-pulling] client count 0

2026-10-04 22:47:16,401 INFO groupCount = 2, subscriberClientCount = 0, subscriberCount = 0

2026-10-04 22:47:16,401 INFO toNotifyTaskSize = 0

2026-10-04 22:47:16,401 INFO toClientNotifyTaskSize = 0

2026-10-04 22:47:26,411 INFO [long-pulling] client count 0

2026-10-04 22:47:26,411 INFO groupCount = 2, subscriberClientCount = 0, subscriberCount = 0

2026-10-04 22:47:26,411 INFO toNotifyTaskSize = 0

2026-10-04 22:47:26,411 INFO toClientNotifyTaskSize = 0

2026-10-04 22:47:36,414 INFO toNotifyTaskSize = 0

2026-10-04 22:47:36,414 INFO groupCount = 2, subscriberClientCount = 0, subscriberCount = 0

2026-10-04 22:47:36,414 INFO toClientNotifyTaskSize = 0

2026-10-04 22:47:36,414 INFO [long-pulling] client count 0

2026-10-04 22:47:46,423 INFO [long-pulling] client count 0

2026-10-04 22:47:46,423 INFO toNotifyTaskSize = 0

2026-10-04 22:47:46,423 INFO groupCount = 2, subscriberClientCount = 0, subscriberCount = 0

2026-10-04 22:47:46,423 INFO toClientNotifyTaskSize = 0

2026-10-04 22:47:56,432 INFO groupCount = 2, subscriberClientCount = 0, subscriberCount = 0

2026-10-04 22:47:56,432 INFO toNotifyTaskSize = 0

2026-10-04 22:47:56,432 INFO [long-pulling] client count 0

2026-10-04 22:47:56,432 INFO toClientNotifyTaskSize = 0

2026-10-04 22:48:06,438 INFO toNotifyTaskSize = 0

2026-10-04 22:48:06,438 INFO toClientNotifyTaskSize = 0

2026-10-04 22:48:06,438 INFO groupCount = 2, subscriberClientCount = 0, subscriberCount = 0

2026-10-04 22:48:06,438 INFO [long-pulling] client count 0

2026-10-04 22:48:16,444 INFO groupCount = 2, subscriberClientCount = 0, subscriberCount = 0

2026-10-04 22:48:16,444 INFO [long-pulling] client count 0

2026-10-04 22:48:16,444 INFO toNotifyTaskSize = 0

2026-10-04 22:48:16,444 INFO toClientNotifyTaskSize = 0

2026-10-04 22:48:26,448 INFO toNotifyTaskSize = 0

2026-10-04 22:48:26,448 INFO [long-pulling] client count 0

2026-10-04 22:48:26,448 INFO groupCount = 2, subscriberClientCount = 0, subscriberCount = 0

2026-10-04 22:48:26,448 INFO toClientNotifyTaskSize = 0

2026-10-04 22:48:36,456 INFO toNotifyTaskSize = 0

2026-10-04 22:48:36,456 INFO [long-pulling] client count 0

2026-10-04 22:48:36,456 INFO toClientNotifyTaskSize = 0

2026-10-04 22:48:36,456 INFO groupCount = 2, subscriberClientCount = 0, subscriberCount = 0

2026-10-04 22:48:46,472 INFO [long-pulling] client count 0

2026-10-04 22:48:46,472 INFO toNotifyTaskSize = 0

2026-10-04 22:48:46,472 INFO groupCount = 2, subscriberClientCount = 0, subscriberCount = 0

2026-10-04 22:48:46,472 INFO toClientNotifyTaskSize = 0

2026-10-04 22:48:56,478 INFO groupCount = 2, subscriberClientCount = 0, subscriberCount = 0

2026-10-04 22:48:56,478 INFO [long-pulling] client count 0

2026-10-04 22:48:56,478 INFO toNotifyTaskSize = 0

2026-10-04 22:48:56,479 INFO toClientNotifyTaskSize = 0

2026-10-04 22:49:06,492 INFO toNotifyTaskSize = 0

2026-10-04 22:49:06,492 INFO toClientNotifyTaskSize = 0

2026-10-04 22:49:06,492 INFO groupCount = 2, subscriberClientCount = 0, subscriberCount = 0

2026-10-04 22:49:06,492 INFO [long-pulling] client count 0

2026-10-04 22:49:16,499 INFO [long-pulling] client count 0

2026-10-04 22:49:16,499 INFO groupCount = 2, subscriberClientCount = 0, subscriberCount = 0

2026-10-04 22:49:16,499 INFO toNotifyTaskSize = 0

2026-10-04 22:49:16,499 INFO toClientNotifyTaskSize = 0

2026-10-04 22:49:26,509 INFO [long-pulling] client count 0

2026-10-04 22:49:26,509 INFO groupCount = 2, subscriberClientCount = 0, subscriberCount = 0

2026-10-04 22:49:26,509 INFO toNotifyTaskSize = 0

2026-10-04 22:49:26,509 INFO toClientNotifyTaskSize = 0

2026-10-04 22:49:36,519 INFO groupCount = 2, subscriberClientCount = 0, subscriberCount = 0

2026-10-04 22:49:36,519 INFO toNotifyTaskSize = 0

2026-10-04 22:49:36,519 INFO toClientNotifyTaskSize = 0

2026-10-04 22:49:36,519 INFO [long-pulling] client count 0

2026-10-04 22:49:46,521 INFO [long-pulling] client count 0

2026-10-04 22:49:46,521 INFO toNotifyTaskSize = 0

2026-10-04 22:49:46,521 INFO groupCount = 2, subscriberClientCount = 0, subscriberCount = 0

2026-10-04 22:49:46,521 INFO toClientNotifyTaskSize = 0

2026-10-04 22:49:56,530 INFO [long-pulling] client count 0

2026-10-04 22:49:56,530 INFO groupCount = 2, subscriberClientCount = 0, subscriberCount = 0

2026-10-04 22:49:56,530 INFO toNotifyTaskSize = 0

2026-10-04 22:49:56,530 INFO toClientNotifyTaskSize = 0

2026-10-04 22:50:06,535 INFO [long-pulling] client count 0

2026-10-04 22:50:06,535 INFO toNotifyTaskSize = 0

2026-10-04 22:50:06,535 INFO groupCount = 2, subscriberClientCount = 0, subscriberCount = 0

2026-10-04 22:50:06,535 INFO toClientNotifyTaskSize = 0

2026-10-04 22:50:16,539 INFO toNotifyTaskSize = 0

2026-10-04 22:50:16,539 INFO groupCount = 2, subscriberClientCount = 0, subscriberCount = 0

2026-10-04 22:50:16,539 INFO [long-pulling] client count 0

2026-10-04 22:50:16,539 INFO toClientNotifyTaskSize = 0

2026-10-04 22:50:26,550 INFO toNotifyTaskSize = 0

2026-10-04 22:50:26,550 INFO groupCount = 2, subscriberClientCount = 0, subscriberCount = 0

2026-10-04 22:50:26,550 INFO toClientNotifyTaskSize = 0

2026-10-04 22:50:26,550 INFO [long-pulling] client count 0

2026-10-04 22:50:36,560 INFO toNotifyTaskSize = 0

2026-10-04 22:50:36,560 INFO toClientNotifyTaskSize = 0

2026-10-04 22:50:36,560 INFO groupCount = 2, subscriberClientCount = 0, subscriberCount = 0

2026-10-04 22:50:36,560 INFO [long-pulling] client count 0

2026-10-04 22:50:46,564 INFO groupCount = 2, subscriberClientCount = 0, subscriberCount = 0

2026-10-04 22:50:46,564 INFO toNotifyTaskSize = 0

2026-10-04 22:50:46,564 INFO toClientNotifyTaskSize = 0

2026-10-04 22:50:46,565 INFO [long-pulling] client count 0

2026-10-04 22:50:56,569 INFO toNotifyTaskSize = 0

2026-10-04 22:50:56,569 INFO [long-pulling] client count 0

2026-10-04 22:50:56,569 INFO groupCount = 2, subscriberClientCount = 0, subscriberCount = 0

2026-10-04 22:50:56,569 INFO toClientNotifyTaskSize = 0

2026-10-04 22:51:06,581 INFO [long-pulling] client count 0

2026-10-04 22:51:06,581 INFO groupCount = 2, subscriberClientCount = 0, subscriberCount = 0

2026-10-04 22:51:06,581 INFO toNotifyTaskSize = 0

2026-10-04 22:51:06,583 INFO toClientNotifyTaskSize = 0

