2026-10-04 22:14:26,491 INFO notifyConnectTimeout:100

2026-10-04 22:14:26,504 INFO notifySocketTimeout:200

2026-10-04 22:14:26,504 INFO isHealthCheck:true

2026-10-04 22:14:26,504 INFO maxHealthCheckFailCount:12

2026-10-04 22:14:26,504 INFO maxContent:10485760

2026-10-04 22:14:35,003 WARN DumpService start

2026-10-04 22:14:35,004 INFO start clear all config-info.

2026-10-04 22:14:35,028 INFO clear all config-info success.

2026-10-04 22:14:35,034 INFO clear all config-info-tenant success.

2026-10-04 22:14:35,150 INFO All dump page size is set to 50 according to mem limit 512 MB

2026-10-04 22:14:35,152 INFO start dump all config-info...

2026-10-04 22:14:35,225 INFO [all-dump] submit all task for 1075011008977403904 / 1075011008977403904, dbTime=71,diskTime=2

2026-10-04 22:14:35,226 INFO [all-dump] wait 2 dump tasks to be finished

2026-10-04 22:14:36,227 INFO success to  dump all config-info。

2026-10-04 22:14:36,228 INFO start clear all config-info-beta.

2026-10-04 22:14:36,228 INFO clear all config-info-beta success.

2026-10-04 22:14:36,229 INFO clear all config-info-beta-tenant success.

2026-10-04 22:14:36,266 INFO start clear all config-info-tag.

2026-10-04 22:14:36,266 INFO clear all config-info-tag success.

2026-10-04 22:14:36,266 INFO clear all config-info-tag-tenant success.

