2026-10-04 22:14:33,711 INFO use local db service for init

2026-10-04 22:14:34,292 WARN Lexical error at line 4, column 66.  Encountered: <EOF> after : "".

2026-10-04 22:14:34,299 WARN Syntax error: Encountered "*" at line 1, column 1.

2026-10-04 22:14:34,354 WARN Table/View 'CONFIG_INFO' already exists in Schema 'NACOS'.

2026-10-04 22:14:34,426 WARN Table/View 'HIS_CONFIG_INFO' already exists in Schema 'NACOS'.

2026-10-04 22:14:34,453 WARN Table/View 'CONFIG_INFO_BETA' already exists in Schema 'NACOS'.

2026-10-04 22:14:34,465 WARN Table/View 'CONFIG_INFO_TAG' already exists in Schema 'NACOS'.

2026-10-04 22:14:34,478 WARN Table/View 'CONFIG_INFO_AGGR' already exists in Schema 'NACOS'.

2026-10-04 22:14:34,491 WARN Table/View 'APP_LIST' already exists in Schema 'NACOS'.

2026-10-04 22:14:34,500 WARN Table/View 'APP_CONFIGDATA_RELATION_SUBS' already exists in Schema 'NACOS'.

2026-10-04 22:14:34,513 WARN Table/View 'APP_CONFIGDATA_RELATION_PUBS' already exists in Schema 'NACOS'.

2026-10-04 22:14:34,525 WARN Table/View 'CONFIG_TAGS_RELATION' already exists in Schema 'NACOS'.

2026-10-04 22:14:34,543 WARN Table/View 'GROUP_CAPACITY' already exists in Schema 'NACOS'.

2026-10-04 22:14:34,556 WARN Table/View 'TENANT_CAPACITY' already exists in Schema 'NACOS'.

2026-10-04 22:14:34,567 WARN Table/View 'TENANT_INFO' already exists in Schema 'NACOS'.

2026-10-04 22:14:34,580 WARN Table/View 'USERS' already exists in Schema 'NACOS'.

2026-10-04 22:14:34,589 WARN Table/View 'ROLES' already exists in Schema 'NACOS'.

2026-10-04 22:14:34,595 WARN Table/View 'PERMISSIONS' already exists in Schema 'NACOS'.

2026-10-04 22:14:34,641 WARN The statement was aborted because it would have caused a duplicate key value in a unique or primary key constraint or unique index identified by 'SQL260914170330910' defined on 'USERS'.

2026-10-04 22:14:34,648 WARN The statement was aborted because it would have caused a duplicate key value in a unique or primary key constraint or unique index identified by 'UK_USERNAME_ROLE' defined on 'ROLES'.

2026-10-04 22:14:34,648 WARN Lexical error at line 4, column 13.  Encountered: "`" (96), after : "".

2026-10-04 22:14:34,648 WARN Lexical error at line 1, column 13.  Encountered: "`" (96), after : "".

2026-10-04 22:14:34,649 WARN Lexical error at line 1, column 13.  Encountered: "`" (96), after : "".

2026-10-04 22:14:34,649 WARN Lexical error at line 1, column 13.  Encountered: "`" (96), after : "".

2026-10-04 22:14:34,649 INFO use StandaloneDatabaseOperateImpl

